[33m▲ [43;33m[[43;30mWARNING[43;33m][0m [1mProxy environment variables detected. We'll use your proxy for fetch requests.[0m



 ⛅️ wrangler 4.136.3 (update available 4.137.0)
───────────────────────────────────────────────
Resource location: local 

Use --remote if you want to access the remote instance.

Migrations to be applied:
┌────────────────────────────────┐
│ name                           │
├────────────────────────────────┤
│ 0000_lazy_mephisto.sql         │
├────────────────────────────────┤
│ 0001_premium_captain_stacy.sql │
├────────────────────────────────┤
│ 0002_legal_vertigo.sql         │
└────────────────────────────────┘
? About to apply 3 migration(s)
Your database may not be available to serve requests during the migration, continue?
🤖 Using fallback value in non-interactive context: yes
🌀 Executing on local database hijeshi (2162e46b-50b9-4397-9356-c4fa5fa58cb8) from .wrangler/state/v3/d1:
🌀 To execute on your remote database, add a --remote flag to your wrangler command.
🚣 14 commands executed successfully.
┌────────────────────────────────┬────────┐
│ name                           │ status │
├────────────────────────────────┼────────┤
│ 0000_lazy_mephisto.sql         │ ✅     │
├────────────────────────────────┼────────┤
│ 0001_premium_captain_stacy.sql │ 🕒️    │
├────────────────────────────────┼────────┤
│ 0002_legal_vertigo.sql         │ 🕒️    │
└────────────────────────────────┴────────┘
🌀 Executing on local database hijeshi (2162e46b-50b9-4397-9356-c4fa5fa58cb8) from .wrangler/state/v3/d1:
🌀 To execute on your remote database, add a --remote flag to your wrangler command.
🚣 2 commands executed successfully.
┌────────────────────────────────┬────────┐
│ name                           │ status │
├────────────────────────────────┼────────┤
│ 0000_lazy_mephisto.sql         │ ✅     │
├────────────────────────────────┼────────┤
│ 0001_premium_captain_stacy.sql │ ✅     │
├────────────────────────────────┼────────┤
│ 0002_legal_vertigo.sql         │ 🕒️    │
└────────────────────────────────┴────────┘
🌀 Executing on local database hijeshi (2162e46b-50b9-4397-9356-c4fa5fa58cb8) from .wrangler/state/v3/d1:
🌀 To execute on your remote database, add a --remote flag to your wrangler command.
🚣 2 commands executed successfully.
┌────────────────────────────────┬────────┐
│ name                           │ status │
├────────────────────────────────┼────────┤
│ 0000_lazy_mephisto.sql         │ ✅     │
├────────────────────────────────┼────────┤
│ 0001_premium_captain_stacy.sql │ ✅     │
├────────────────────────────────┼────────┤
│ 0002_legal_vertigo.sql         │ ✅     │
└────────────────────────────────┴────────┘
