[33m▲ [43;33m[[43;30mWARNING[43;33m][0m [1mProxy environment variables detected. We'll use your proxy for fetch requests.[0m



 ⛅️ wrangler 4.136.3 (update available 4.137.0)
───────────────────────────────────────────────
Using secrets defined in .dev.vars
Your Worker has access to the following bindings:
Binding                              Resource                  Mode
env.DB (hijeshi)                     D1 Database               local
env.ASSETS                           Assets                    local
env.APP_PIN ("(hidden)")             Environment Variable      local
env.SESSION_SECRET ("(hidden)")      Environment Variable      local

Wrangler detected this dev session is running in an AI agent.
The Local Explorer API is available at http://127.0.0.1:5400/cdn-cgi/local/explorer/api
Useful routes:
  GET http://127.0.0.1:5400/cdn-cgi/local/explorer/api/local/workers - local Workers and bindings
  GET http://127.0.0.1:5400/cdn-cgi/local/explorer/api/storage/kv/namespaces - KV namespaces
  GET http://127.0.0.1:5400/cdn-cgi/local/explorer/api/d1/database - D1 databases
  GET http://127.0.0.1:5400/cdn-cgi/local/explorer/api/r2/buckets - R2 buckets
  GET http://127.0.0.1:5400/cdn-cgi/local/explorer/api/workers/durable_objects/namespaces - Durable Object namespaces
  GET http://127.0.0.1:5400/cdn-cgi/local/explorer/api/workflows - Workflows
  POST http://127.0.0.1:5400/cdn-cgi/local/explorer/api/local/observability/query - run a read-only SQL query (SELECT/WITH only) over captured request traces and console logs. Tables: spans, logs (read attributes via json(attributes)). Example:
    curl -X POST http://127.0.0.1:5400/cdn-cgi/local/explorer/api/local/observability/query -H 'Content-Type: application/json' -d '{"sql":"SELECT service, name, outcome, duration_ms FROM spans WHERE parent_id IS NULL LIMIT 20"}'
  POST http://127.0.0.1:5400/cdn-cgi/local/explorer/api/local/observability/clear - clear all captured traces and logs
If the routes above don't cover what you need, fetch the full OpenAPI schema (large - use only as a last resort):
  GET http://127.0.0.1:5400/cdn-cgi/local/explorer/api - OpenAPI schema
⎔ Starting local server...
[wrangler:info] ✨ Parsed 2 valid header rules.
[wrangler:info] Ready on http://127.0.0.1:5400
[wrangler:info] GET /login 200 OK (33ms)
[wrangler:info] GET /login 200 OK (10ms)
[wrangler:info] GET /_app/immutable/assets/0.DIHzowws.css 200 OK (6ms)
[wrangler:info] GET /_app/immutable/entry/start.8CVwXv3h.js 200 OK (6ms)
[wrangler:info] GET /_app/immutable/chunks/xihTtKlq.js 200 OK (25ms)
[wrangler:info] GET /_app/immutable/nodes/0.BlWR56YG.js 200 OK (27ms)
[wrangler:info] GET /_app/immutable/chunks/D4iNiOkU.js 200 OK (31ms)
[wrangler:info] GET /_app/immutable/chunks/CVjRUJJb.js 200 OK (23ms)
[wrangler:info] GET /_app/immutable/chunks/_FF_eoMD.js 200 OK (30ms)
[wrangler:info] GET /_app/immutable/entry/app.DnBGvH1-.js 200 OK (30ms)
[wrangler:info] GET /_app/immutable/chunks/BjKMk_Ek.js 200 OK (8ms)
[wrangler:info] GET /_app/immutable/chunks/DRnghGj3.js 200 OK (7ms)
[wrangler:info] GET /_app/immutable/chunks/Bd0h19gK.js 200 OK (11ms)
[wrangler:info] GET /favicon.svg 200 OK (11ms)
[wrangler:info] GET /_app/immutable/nodes/4.HBXPsz1x.js 200 OK (11ms)
[wrangler:info] GET /_app/immutable/nodes/1.B3Pp4r5a.js 200 OK (3ms)
[wrangler:info] POST /login 200 OK (24ms)
[wrangler:info] GET /login 304 Not Modified (10ms)
[wrangler:info] GET /favicon.svg 304 Not Modified (5ms)
[wrangler:info] POST /login 200 OK (15ms)
[wrangler:info] GET /_app/immutable/chunks/k91Vex1S.js 200 OK (13ms)
[wrangler:info] GET /_app/immutable/chunks/CN8qj_NO.js 200 OK (13ms)
[wrangler:info] GET /_app/immutable/nodes/2.A45oQK9Z.js 200 OK (15ms)
[wrangler:info] GET /_app/immutable/chunks/C1-yeBvg.js 200 OK (15ms)
[wrangler:info] GET /_app/immutable/chunks/F5kLK4nd.js 200 OK (15ms)
[wrangler:info] GET /_app/immutable/chunks/B_gThDGH.js 200 OK (15ms)
[wrangler:info] GET /__data.json 200 OK (21ms)
[wrangler:info] GET /favicon.svg 304 Not Modified (3ms)
[wrangler:info] GET /designs 200 OK (23ms)
[wrangler:info] GET /_app/immutable/nodes/3.pPNOh-Ud.js 200 OK (4ms)
[wrangler:info] GET /_app/immutable/chunks/JG9ZWQVn.js 200 OK (6ms)
[wrangler:info] GET /_app/immutable/chunks/g2CtXPNa.js 200 OK (8ms)
[wrangler:info] GET /_app/immutable/chunks/9J7XdHEm.js 200 OK (8ms)
[wrangler:info] GET /favicon.svg 304 Not Modified (3ms)
[wrangler:info] POST /api/action 200 OK (14ms)
[wrangler:info] GET /designs/__data.json 200 OK (10ms)
[wrangler:info] GET /stock 200 OK (20ms)
[wrangler:info] GET /_app/immutable/nodes/10.C13Xx8Xk.js 200 OK (3ms)
[wrangler:info] GET /favicon.svg 304 Not Modified (2ms)
[wrangler:info] POST /api/action 200 OK (15ms)
[wrangler:info] GET /stock/__data.json 200 OK (16ms)
[wrangler:info] POST /api/action 200 OK (17ms)
[wrangler:info] GET /stock/__data.json 200 OK (16ms)
[wrangler:info] GET /orders/new 200 OK (23ms)
[wrangler:info] GET /_app/immutable/nodes/8.l2ywJS36.js 200 OK (4ms)
[wrangler:info] GET /favicon.svg 304 Not Modified (7ms)
[wrangler:info] POST /api/action 200 OK (22ms)
[wrangler:info] GET /orders/new/__data.json 200 OK (12ms)
[wrangler:info] GET /_app/immutable/nodes/7.FM0cvWdH.js 200 OK (3ms)
[wrangler:info] GET /orders/1/__data.json 200 OK (27ms)
[wrangler:info] GET /favicon.svg 304 Not Modified (3ms)
[wrangler:info] GET /login 200 OK (9ms)
[wrangler:info] GET /_app/immutable/assets/0.DIHzowws.css 200 OK (4ms)
[wrangler:info] GET /_app/immutable/entry/start.8CVwXv3h.js 200 OK (5ms)
[wrangler:info] GET /_app/immutable/chunks/D4iNiOkU.js 200 OK (5ms)
[wrangler:info] GET /_app/immutable/chunks/xihTtKlq.js 200 OK (13ms)
[wrangler:info] GET /_app/immutable/nodes/0.BlWR56YG.js 200 OK (13ms)
[wrangler:info] GET /_app/immutable/chunks/_FF_eoMD.js 200 OK (14ms)
[wrangler:info] GET /_app/immutable/entry/app.DnBGvH1-.js 200 OK (14ms)
[wrangler:info] GET /_app/immutable/chunks/CVjRUJJb.js 200 OK (14ms)
[wrangler:info] GET /_app/immutable/chunks/BjKMk_Ek.js 200 OK (13ms)
[wrangler:info] GET /_app/immutable/chunks/DRnghGj3.js 200 OK (4ms)
[wrangler:info] GET /_app/immutable/nodes/4.HBXPsz1x.js 200 OK (9ms)
[wrangler:info] GET /_app/immutable/chunks/Bd0h19gK.js 200 OK (7ms)
[wrangler:info] GET /favicon.svg 200 OK (4ms)
[wrangler:info] GET /_app/immutable/nodes/1.B3Pp4r5a.js 200 OK (4ms)
[wrangler:info] POST /login 200 OK (13ms)
[wrangler:info] GET /_app/immutable/nodes/2.A45oQK9Z.js 200 OK (6ms)
[wrangler:info] GET /_app/immutable/chunks/C1-yeBvg.js 200 OK (8ms)
[wrangler:info] GET /_app/immutable/chunks/k91Vex1S.js 200 OK (10ms)
[wrangler:info] GET /_app/immutable/chunks/CN8qj_NO.js 200 OK (11ms)
[wrangler:info] GET /_app/immutable/chunks/F5kLK4nd.js 200 OK (13ms)
[wrangler:info] GET /_app/immutable/chunks/B_gThDGH.js 200 OK (13ms)
[wrangler:info] GET /__data.json 200 OK (36ms)
[wrangler:info] GET /favicon.svg 304 Not Modified (6ms)
[wrangler:info] GET /orders 200 OK (26ms)
[wrangler:info] GET /_app/immutable/nodes/6.Cjc89Txx.js 200 OK (5ms)
[wrangler:info] GET /_app/immutable/chunks/9J7XdHEm.js 200 OK (8ms)
[wrangler:info] GET /favicon.svg 304 Not Modified (4ms)
[wrangler:info] GET /stock 200 OK (22ms)
[wrangler:info] GET /_app/immutable/nodes/10.C13Xx8Xk.js 200 OK (5ms)
[wrangler:info] GET /_app/immutable/chunks/g2CtXPNa.js 200 OK (5ms)
[wrangler:info] GET /favicon.svg 304 Not Modified (3ms)
[wrangler:info] POST /api/action 200 OK (15ms)
[wrangler:info] GET /stock/__data.json 200 OK (17ms)
[wrangler:info] GET /orders/1 200 OK (28ms)
[wrangler:info] GET /favicon.svg 304 Not Modified (4ms)
[wrangler:info] POST /api/action 200 OK (38ms)
[wrangler:info] GET /orders/1/__data.json 200 OK (19ms)
[wrangler:info] GET /stock 200 OK (17ms)
[wrangler:info] GET /favicon.svg 304 Not Modified (4ms)
[wrangler:info] GET /api/backup 200 OK (19ms)
[wrangler:info] GET / 200 OK (27ms)
[wrangler:info] GET /favicon.svg 304 Not Modified (4ms)
[wrangler:info] GET /orders 200 OK (19ms)
[wrangler:info] GET /_app/immutable/nodes/6.Cjc89Txx.js 200 OK (4ms)
[wrangler:info] GET /favicon.svg 304 Not Modified (6ms)
[wrangler:info] GET /orders/new 200 OK (21ms)
[wrangler:info] GET /favicon.svg 304 Not Modified (4ms)
[wrangler:info] GET /orders/1 200 OK (22ms)
[wrangler:info] GET /favicon.svg 304 Not Modified (3ms)
[wrangler:info] GET /stock 200 OK (18ms)
[wrangler:info] GET /favicon.svg 304 Not Modified (5ms)
[wrangler:info] GET /designs 200 OK (16ms)
[wrangler:info] GET /favicon.svg 304 Not Modified (6ms)
[wrangler:info] GET /stats 200 OK (17ms)
[wrangler:info] GET /_app/immutable/assets/9.CPboIgaE.css 200 OK (3ms)
[wrangler:info] GET /_app/immutable/nodes/9.C9wZgT_z.js 200 OK (5ms)
[wrangler:info] GET /favicon.svg 304 Not Modified (3ms)
[wrangler:info] GET /orders/99999 404 Not Found (12ms)
[wrangler:info] GET /favicon.svg 304 Not Modified (4ms)
